// Jest Snapshot v1, https://goo.gl/fbAQLP

exports[`<If /> should render and match the snapshot 1`] = `
<body>
  <div>
    <div>
      Should render
    </div>
  </div>
</body>
`;
